// Jest Snapshot v1, https://goo.gl/fbAQLP

exports[`Form Render should render correctly 1`] = `
ShallowWrapper {
  Symbol(enzyme.__root__): [Circular],
  Symbol(enzyme.__unrendered__): <Form
    onSubmit={[MockFunction]}
  />,
  Symbol(enzyme.__renderer__): Object {
    "batchedUpdates": [Function],
    "checkPropTypes": [Function],
    "getNode": [Function],
    "render": [Function],
    "simulateError": [Function],
    "simulateEvent": [Function],
    "unmount": [Function],
  },
  Symbol(enzyme.__node__): Object {
    "instance": null,
    "key": undefined,
    "nodeType": "function",
    "props": Object {
      "children": Array [
        <ForwardRef>
          Text:
          <ForwardRef
            name="body"
            onChange={[Function]}
            rows="4"
            value=""
          />
        </ForwardRef>,
        <ForwardRef>
          Author:
          <ForwardRef
            name="author"
            onChange={[Function]}
            type="text"
            value=""
          />
        </ForwardRef>,
        <ForwardRef
          disabled={true}
        >
          Send
        </ForwardRef>,
      ],
      "onSubmit": [Function],
    },
    "ref": null,
    "rendered": Array [
      Object {
        "instance": null,
        "key": undefined,
        "nodeType": "function",
        "props": Object {
          "children": Array [
            "Text:",
            <ForwardRef
              name="body"
              onChange={[Function]}
              rows="4"
              value=""
            />,
          ],
        },
        "ref": null,
        "rendered": Array [
          "Text:",
          Object {
            "instance": null,
            "key": undefined,
            "nodeType": "function",
            "props": Object {
              "name": "body",
              "onChange": [Function],
              "rows": "4",
              "value": "",
            },
            "ref": null,
            "rendered": null,
            "type": Object {
              "$$typeof": Symbol(react.forward_ref),
              "attrs": Array [],
              "componentStyle": ComponentStyle {
                "componentId": "sc-htpNat",
                "isStatic": true,
                "rules": Array [
                  "
  padding: 0.75em;
  width: 70%;
  border: 1px solid #012542;
  border-radius: 4px;
  box-sizing: border-box;
",
                ],
              },
              "displayName": "Textarea",
              "foldedComponentIds": Array [],
              "render": [Function],
              "styledComponentId": "sc-htpNat",
              "target": "textarea",
              "toString": [Function],
              "warnTooManyClasses": [Function],
              "withComponent": [Function],
            },
          },
        ],
        "type": Object {
          "$$typeof": Symbol(react.forward_ref),
          "attrs": Array [],
          "componentStyle": ComponentStyle {
            "componentId": "sc-bxivhb",
            "isStatic": true,
            "rules": Array [
              "
  background: #ffffff;
  display: flex;
  justify-content: space-between;
  margin-bottom: 10px;
  padding: 0.25em 0.5em;
  align-items: center;
",
            ],
          },
          "displayName": "styled.label",
          "foldedComponentIds": Array [],
          "render": [Function],
          "styledComponentId": "sc-bxivhb",
          "target": "label",
          "toString": [Function],
          "warnTooManyClasses": [Function],
          "withComponent": [Function],
        },
      },
      Object {
        "instance": null,
        "key": undefined,
        "nodeType": "function",
        "props": Object {
          "children": Array [
            "Author:",
            <ForwardRef
              name="author"
              onChange={[Function]}
              type="text"
              value=""
            />,
          ],
        },
        "ref": null,
        "rendered": Array [
          "Author:",
          Object {
            "instance": null,
            "key": undefined,
            "nodeType": "function",
            "props": Object {
              "name": "author",
              "onChange": [Function],
              "type": "text",
              "value": "",
            },
            "ref": null,
            "rendered": null,
            "type": Object {
              "$$typeof": Symbol(react.forward_ref),
              "attrs": Array [],
              "componentStyle": ComponentStyle {
                "componentId": "sc-bwzfXH",
                "isStatic": true,
                "rules": Array [
                  "
  padding: 0.75em;
  width: 70%;
  border: 1px solid #012542;
  border-radius: 4px;
  box-sizing: border-box;
  &:read-only {
    background: #f6f6f6;
    color: #999999;
  }
",
                ],
              },
              "displayName": "Input",
              "foldedComponentIds": Array [],
              "render": [Function],
              "styledComponentId": "sc-bwzfXH",
              "target": "input",
              "toString": [Function],
              "warnTooManyClasses": [Function],
              "withComponent": [Function],
            },
          },
        ],
        "type": Object {
          "$$typeof": Symbol(react.forward_ref),
          "attrs": Array [],
          "componentStyle": ComponentStyle {
            "componentId": "sc-bxivhb",
            "isStatic": true,
            "rules": Array [
              "
  background: #ffffff;
  display: flex;
  justify-content: space-between;
  margin-bottom: 10px;
  padding: 0.25em 0.5em;
  align-items: center;
",
            ],
          },
          "displayName": "styled.label",
          "foldedComponentIds": Array [],
          "render": [Function],
          "styledComponentId": "sc-bxivhb",
          "target": "label",
          "toString": [Function],
          "warnTooManyClasses": [Function],
          "withComponent": [Function],
        },
      },
      Object {
        "instance": null,
        "key": undefined,
        "nodeType": "function",
        "props": Object {
          "children": "Send",
          "disabled": true,
        },
        "ref": null,
        "rendered": "Send",
        "type": Object {
          "$$typeof": Symbol(react.forward_ref),
          "attrs": Array [],
          "componentStyle": ComponentStyle {
            "componentId": "sc-ifAKCX",
            "isStatic": true,
            "rules": Array [
              "
  border: 1px solid #ffffff;
  border-radius: 4px;
  color: #fff;
  background: #840032;
  padding: 10px;
  margin-top: 10px;
  &:disabled {
    background: #f0f0f0;
  }
",
            ],
          },
          "displayName": "Button",
          "foldedComponentIds": Array [],
          "render": [Function],
          "styledComponentId": "sc-ifAKCX",
          "target": "button",
          "toString": [Function],
          "warnTooManyClasses": [Function],
          "withComponent": [Function],
        },
      },
    ],
    "type": Object {
      "$$typeof": Symbol(react.forward_ref),
      "attrs": Array [],
      "componentStyle": ComponentStyle {
        "componentId": "sc-bdVaJa",
        "isStatic": true,
        "rules": Array [
          "
  padding: 1em;
  display: flex;
  flex-direction: column;
",
        ],
      },
      "displayName": "styled.form",
      "foldedComponentIds": Array [],
      "render": [Function],
      "styledComponentId": "sc-bdVaJa",
      "target": "form",
      "toString": [Function],
      "warnTooManyClasses": [Function],
      "withComponent": [Function],
    },
  },
  Symbol(enzyme.__nodes__): Array [
    Object {
      "instance": null,
      "key": undefined,
      "nodeType": "function",
      "props": Object {
        "children": Array [
          <ForwardRef>
            Text:
            <ForwardRef
              name="body"
              onChange={[Function]}
              rows="4"
              value=""
            />
          </ForwardRef>,
          <ForwardRef>
            Author:
            <ForwardRef
              name="author"
              onChange={[Function]}
              type="text"
              value=""
            />
          </ForwardRef>,
          <ForwardRef
            disabled={true}
          >
            Send
          </ForwardRef>,
        ],
        "onSubmit": [Function],
      },
      "ref": null,
      "rendered": Array [
        Object {
          "instance": null,
          "key": undefined,
          "nodeType": "function",
          "props": Object {
            "children": Array [
              "Text:",
              <ForwardRef
                name="body"
                onChange={[Function]}
                rows="4"
                value=""
              />,
            ],
          },
          "ref": null,
          "rendered": Array [
            "Text:",
            Object {
              "instance": null,
              "key": undefined,
              "nodeType": "function",
              "props": Object {
                "name": "body",
                "onChange": [Function],
                "rows": "4",
                "value": "",
              },
              "ref": null,
              "rendered": null,
              "type": Object {
                "$$typeof": Symbol(react.forward_ref),
                "attrs": Array [],
                "componentStyle": ComponentStyle {
                  "componentId": "sc-htpNat",
                  "isStatic": true,
                  "rules": Array [
                    "
  padding: 0.75em;
  width: 70%;
  border: 1px solid #012542;
  border-radius: 4px;
  box-sizing: border-box;
",
                  ],
                },
                "displayName": "Textarea",
                "foldedComponentIds": Array [],
                "render": [Function],
                "styledComponentId": "sc-htpNat",
                "target": "textarea",
                "toString": [Function],
                "warnTooManyClasses": [Function],
                "withComponent": [Function],
              },
            },
          ],
          "type": Object {
            "$$typeof": Symbol(react.forward_ref),
            "attrs": Array [],
            "componentStyle": ComponentStyle {
              "componentId": "sc-bxivhb",
              "isStatic": true,
              "rules": Array [
                "
  background: #ffffff;
  display: flex;
  justify-content: space-between;
  margin-bottom: 10px;
  padding: 0.25em 0.5em;
  align-items: center;
",
              ],
            },
            "displayName": "styled.label",
            "foldedComponentIds": Array [],
            "render": [Function],
            "styledComponentId": "sc-bxivhb",
            "target": "label",
            "toString": [Function],
            "warnTooManyClasses": [Function],
            "withComponent": [Function],
          },
        },
        Object {
          "instance": null,
          "key": undefined,
          "nodeType": "function",
          "props": Object {
            "children": Array [
              "Author:",
              <ForwardRef
                name="author"
                onChange={[Function]}
                type="text"
                value=""
              />,
            ],
          },
          "ref": null,
          "rendered": Array [
            "Author:",
            Object {
              "instance": null,
              "key": undefined,
              "nodeType": "function",
              "props": Object {
                "name": "author",
                "onChange": [Function],
                "type": "text",
                "value": "",
              },
              "ref": null,
              "rendered": null,
              "type": Object {
                "$$typeof": Symbol(react.forward_ref),
                "attrs": Array [],
                "componentStyle": ComponentStyle {
                  "componentId": "sc-bwzfXH",
                  "isStatic": true,
                  "rules": Array [
                    "
  padding: 0.75em;
  width: 70%;
  border: 1px solid #012542;
  border-radius: 4px;
  box-sizing: border-box;
  &:read-only {
    background: #f6f6f6;
    color: #999999;
  }
",
                  ],
                },
                "displayName": "Input",
                "foldedComponentIds": Array [],
                "render": [Function],
                "styledComponentId": "sc-bwzfXH",
                "target": "input",
                "toString": [Function],
                "warnTooManyClasses": [Function],
                "withComponent": [Function],
              },
            },
          ],
          "type": Object {
            "$$typeof": Symbol(react.forward_ref),
            "attrs": Array [],
            "componentStyle": ComponentStyle {
              "componentId": "sc-bxivhb",
              "isStatic": true,
              "rules": Array [
                "
  background: #ffffff;
  display: flex;
  justify-content: space-between;
  margin-bottom: 10px;
  padding: 0.25em 0.5em;
  align-items: center;
",
              ],
            },
            "displayName": "styled.label",
            "foldedComponentIds": Array [],
            "render": [Function],
            "styledComponentId": "sc-bxivhb",
            "target": "label",
            "toString": [Function],
            "warnTooManyClasses": [Function],
            "withComponent": [Function],
          },
        },
        Object {
          "instance": null,
          "key": undefined,
          "nodeType": "function",
          "props": Object {
            "children": "Send",
            "disabled": true,
          },
          "ref": null,
          "rendered": "Send",
          "type": Object {
            "$$typeof": Symbol(react.forward_ref),
            "attrs": Array [],
            "componentStyle": ComponentStyle {
              "componentId": "sc-ifAKCX",
              "isStatic": true,
              "rules": Array [
                "
  border: 1px solid #ffffff;
  border-radius: 4px;
  color: #fff;
  background: #840032;
  padding: 10px;
  margin-top: 10px;
  &:disabled {
    background: #f0f0f0;
  }
",
              ],
            },
            "displayName": "Button",
            "foldedComponentIds": Array [],
            "render": [Function],
            "styledComponentId": "sc-ifAKCX",
            "target": "button",
            "toString": [Function],
            "warnTooManyClasses": [Function],
            "withComponent": [Function],
          },
        },
      ],
      "type": Object {
        "$$typeof": Symbol(react.forward_ref),
        "attrs": Array [],
        "componentStyle": ComponentStyle {
          "componentId": "sc-bdVaJa",
          "isStatic": true,
          "rules": Array [
            "
  padding: 1em;
  display: flex;
  flex-direction: column;
",
          ],
        },
        "displayName": "styled.form",
        "foldedComponentIds": Array [],
        "render": [Function],
        "styledComponentId": "sc-bdVaJa",
        "target": "form",
        "toString": [Function],
        "warnTooManyClasses": [Function],
        "withComponent": [Function],
      },
    },
  ],
  Symbol(enzyme.__options__): Object {
    "adapter": ReactSixteenAdapter {
      "options": Object {
        "enableComponentDidUpdateOnSetState": true,
        "legacyContextMode": "parent",
        "lifecycles": Object {
          "componentDidUpdate": Object {
            "onSetState": true,
          },
          "getChildContext": Object {
            "calledByRenderer": false,
          },
          "getDerivedStateFromProps": true,
          "getSnapshotBeforeUpdate": true,
          "setState": Object {
            "skipsComponentDidUpdateOnNullish": true,
          },
        },
      },
    },
    "disableLifecycleMethods": true,
  },
}
`;
